Hello, World!
Hi, Alice!
Bob lives in Boston
First: apple, Last: cherry
ALICE
alice
hello
Hello
Hello World
5
3
unknown
alice
1
3
a, b, c
c-b-a
a,b,c
Hello...
42
5
4
HELLO
&lt;b&gt;test&lt;/b&gt;
&lt;script&gt;alert(&#39;xss&#39;)&lt;/script&gt;
Yes

Yes
No
one
two
other
big
ok
small
ok
not five
both
not both
either
inactive
found
not found
a b c 
1,2,3
123
012
FabcL
Hello, World!
Content
literal string
yes
no
null is falsy
none
empty
has items
[12][34]
abc
xyz
str
not
num
has name
no age
42
hi
1
abc
3
8
{"a": 1}
[1, 2]
b
done
