=== range() tests ===
range(1,5): 1,2,3,4,5
range(5,1): 5,4,3,2,1
range(0,10,2): 0,2,4,6,8,10
range(10,0,-2): 10,8,6,4,2,0
range(5,5): 5
range(5,1,1) empty: 0
range(-3,3): -3,-2,-1,0,1,2,3
=== char_range() tests ===
char_range(a,f): a,b,c,d,e,f
char_range(A,D): A,B,C,D
char_range(z,w): z,y,x,w
char_range(0,5): 0,1,2,3,4,5
char_range(x,x): x
=== expand() tests ===
expand {a,b,c}: a,b,c
expand {1..5}: 1,2,3,4,5
expand {5..1}: 5,4,3,2,1
expand {a..e}: a,b,c,d,e
expand file{1..3}.txt: file1.txt,file2.txt,file3.txt
expand test_{a,b,c}.log: test_a.log,test_b.log,test_c.log
expand {a,b}{1,2}: a1,a2,b1,b2
expand {01..05}: 01,02,03,04,05
expand {1..10..2}: 1,3,5,7,9
expand plain: plain
expand {}:
expand server{01..03}.local: server01.local,server02.local,server03.local
=== sh()/sh_ok() tests ===
sh_ok(true): true
sh_ok(false): false
last_exit after false: 1
sh_ok(test 1 -eq 1): true
sh(echo hello): hello
sh(printf abc): abc
=== Done ===
