Test 1: Basic ref with variable
Before: 10
After: 11
Test 2: Ref with array element
Before: [1,2,3,4,5]
After: [1,2,6,4,5]
Test 3: Ref with object property
Before: Original
After: Modified
Test 4: Multiple ref parameters (swap)
Before: p=1, q=2
After: p=2, q=1
Test 5: Mixed ref and regular parameters
Before: 100
After: 150
Test 6: Ref with closure
Before: 5
After: 6
All ref parameter tests passed!
