type=42
define=hello
enum=999
import=imported
export=true
extern=3.14
async=100
defer=deferred
object=42
field type=test
field define=123
field i32=42
param type=a
param define=b
param i32=c
fn type=type function
fn define=define function
var i32=not a number
var string=123
var bool=truthy
type alias=100
define type=Alice
enum variant=0
shadowing=50
