=== Array for-in ===
10
20
30
40
50
=== String chars ===
'H'
'i'
'!'
=== Object keys ===
a=1
b=2
c=3
=== Empty array ===
after empty
=== Nested arrays ===
3
7
11
=== For-in accumulate ===
15
=== For-in break ===
1
2
after break
=== For-in continue ===
1
3
5
=== Index tracking ===
0: a
1: b
2: c
done
