Test 1: labeled break in nested while
0
1
2
10
after labeled break
Test 2: labeled continue in nested while
11
12
13
31
32
33
after labeled continue
Test 3: labeled break in nested for
0
1
2
10
after for labeled break
Test 4: labeled continue in nested for
0
10
20
after for labeled continue
Test 5: labeled break in nested for-in
110
120
130
210
after for-in labeled break
Test 6: labeled continue in nested for-in
110
210
310
after for-in labeled continue
Test 7: mixed loop types
100
200
200
300
300
400
1100
1200
after mixed labeled break
Test 8: multiple labels
0
10
20
100
after multiple labels
Test 9: unlabeled with labeled loop
0
1
10
11
20
21
after unlabeled break
done
